// Jest Snapshot v1, https://goo.gl/fbAQLP

exports[`should render ExpenseSummary correctly 1`] = `
<div>
  <h1>
    Viewing 
    1
     
    expenses
     totalling 
    $19.00
  </h1>
</div>
`;
