// Jest Snapshot v1, https://goo.gl/fbAQLP

exports[`should render ExpenseListItem correctly 1`] = `
<div>
  <Link
    to="/edit/TEST1"
  >
    <h3>
      Rent
    </h3>
  </Link>
  <p>
    $1,095.00
    -
    Jan 1st, 1970
  </p>
</div>
`;
