// Jest Snapshot v1, https://goo.gl/fbAQLP

exports[`should render NotFoundPage correctly 1`] = `
<div>
  404 - Not found, 
  <Link
    to="/"
  >
    Go back home.
  </Link>
</div>
`;
